"","x"
"1","ASV_58"
"2","ASV_253"
"3","ASV_71"
"4","ASV_210"
"5","ASV_196"
"6","ASV_209"
"7","ASV_202"
"8","ASV_256"
"9","ASV_218"
"10","ASV_68"
"11","ASV_139"
"12","ASV_35"
"13","ASV_95"
"14","ASV_156"
"15","ASV_37"
"16","ASV_147"
"17","ASV_56"
"18","ASV_55"
"19","ASV_51"
"20","ASV_90"
"21","ASV_123"
"22","ASV_29"
"23","ASV_231"
"24","ASV_104"
"25","ASV_114"
"26","ASV_119"
"27","ASV_255"
"28","ASV_39"
"29","ASV_129"
"30","ASV_33"
"31","ASV_182"
"32","ASV_64"
"33","ASV_237"
"34","ASV_188"
"35","ASV_247"
"36","ASV_177"
"37","ASV_102"
"38","ASV_132"
"39","ASV_197"
"40","ASV_84"
"41","ASV_223"
"42","ASV_144"
"43","ASV_136"
"44","ASV_179"
"45","ASV_67"
"46","ASV_258"
"47","ASV_190"
"48","ASV_236"
"49","ASV_149"
"50","ASV_23"
"51","ASV_233"
"52","ASV_207"
"53","ASV_141"
"54","ASV_248"
"55","ASV_230"
"56","ASV_14"
"57","ASV_137"
"58","ASV_40"
"59","ASV_261"
"60","ASV_107"
"61","ASV_169"
"62","ASV_30"
"63","ASV_264"
"64","ASV_73"
"65","ASV_74"
"66","ASV_21"
"67","ASV_171"
"68","ASV_94"
"69","ASV_72"
"70","ASV_213"
"71","ASV_148"
"72","ASV_81"
"73","ASV_61"
"74","ASV_41"
"75","ASV_164"
"76","ASV_54"
"77","ASV_235"
"78","ASV_239"
"79","ASV_186"
"80","ASV_212"
"81","ASV_181"
"82","ASV_150"
"83","ASV_22"
"84","ASV_82"
"85","ASV_189"
"86","ASV_26"
"87","ASV_70"
"88","ASV_165"
"89","ASV_20"
"90","ASV_106"
"91","ASV_257"
"92","ASV_246"
"93","ASV_228"
"94","ASV_109"
"95","ASV_91"
"96","ASV_178"
"97","ASV_161"
"98","ASV_154"
"99","ASV_131"
"100","ASV_62"
"101","ASV_11"
"102","ASV_31"
"103","ASV_140"
"104","ASV_184"
"105","ASV_262"
"106","ASV_167"
"107","ASV_15"
"108","ASV_194"
"109","ASV_252"
"110","ASV_170"
"111","ASV_172"
"112","ASV_143"
"113","ASV_75"
"114","ASV_108"
"115","ASV_263"
"116","ASV_160"
"117","ASV_187"
"118","ASV_101"
"119","ASV_32"
"120","ASV_159"
"121","ASV_244"
"122","ASV_217"
"123","ASV_158"
"124","ASV_195"
"125","ASV_87"
"126","ASV_130"
"127","ASV_89"
"128","ASV_242"
"129","ASV_243"
"130","ASV_198"
"131","ASV_120"
"132","ASV_88"
"133","ASV_204"
"134","ASV_163"
"135","ASV_173"
"136","ASV_2"
"137","ASV_124"
"138","ASV_46"
"139","ASV_180"
"140","ASV_113"
"141","ASV_115"
"142","ASV_227"
"143","ASV_127"
"144","ASV_245"
"145","ASV_44"
"146","ASV_162"
"147","ASV_133"
"148","ASV_19"
"149","ASV_222"
"150","ASV_45"
"151","ASV_183"
"152","ASV_34"
"153","ASV_77"
"154","ASV_66"
"155","ASV_234"
"156","ASV_60"
"157","ASV_79"
"158","ASV_65"
"159","ASV_6"
"160","ASV_13"
"161","ASV_83"
"162","ASV_80"
"163","ASV_251"
"164","ASV_219"
"165","ASV_93"
"166","ASV_57"
"167","ASV_145"
"168","ASV_211"
"169","ASV_42"
"170","ASV_191"
"171","ASV_128"
"172","ASV_134"
"173","ASV_122"
"174","ASV_96"
"175","ASV_224"
"176","ASV_4"
"177","ASV_49"
"178","ASV_203"
"179","ASV_135"
"180","ASV_112"
"181","ASV_25"
"182","ASV_205"
"183","ASV_8"
"184","ASV_43"
"185","ASV_98"
"186","ASV_240"
"187","ASV_214"
"188","ASV_220"
"189","ASV_199"
"190","ASV_201"
"191","ASV_155"
"192","ASV_215"
"193","ASV_152"
"194","ASV_151"
"195","ASV_17"
"196","ASV_216"
"197","ASV_63"
"198","ASV_266"
"199","ASV_16"
"200","ASV_260"
"201","ASV_9"
"202","ASV_38"
"203","ASV_208"
"204","ASV_28"
"205","ASV_86"
"206","ASV_27"
"207","ASV_48"
"208","ASV_99"
"209","ASV_174"
"210","ASV_50"
"211","ASV_157"
"212","ASV_36"
"213","ASV_142"
"214","ASV_7"
"215","ASV_10"
"216","ASV_52"
"217","ASV_241"
"218","ASV_265"
"219","ASV_117"
"220","ASV_259"
"221","ASV_78"
"222","ASV_232"
"223","ASV_76"
"224","ASV_146"
"225","ASV_18"
"226","ASV_221"
"227","ASV_3"
"228","ASV_176"
"229","ASV_118"
"230","ASV_268"
"231","ASV_185"
"232","ASV_192"
"233","ASV_168"
"234","ASV_103"
"235","ASV_254"
"236","ASV_267"
"237","ASV_125"
"238","ASV_250"
"239","ASV_111"
"240","ASV_206"
"241","ASV_59"
"242","ASV_193"
"243","ASV_126"
"244","ASV_226"
"245","ASV_85"
"246","ASV_12"
"247","ASV_69"
"248","ASV_121"
"249","ASV_105"
"250","ASV_249"
"251","ASV_116"
"252","ASV_175"
"253","ASV_92"
"254","ASV_138"
"255","ASV_97"
"256","ASV_153"
"257","ASV_110"
"258","ASV_225"
"259","ASV_200"
"260","ASV_100"
"261","ASV_24"
"262","ASV_166"
"263","ASV_5"
"264","ASV_229"
"265","ASV_53"
"266","ASV_238"
"267","ASV_47"
