"","x"
"29-B1",0.762472487160675
"30-B1",0.789231385108086
"31-B2",0.698299015219338
"32-B3",0.521984216459978
"33-B1",0.139477108718798
"34-B1",0.0239872068230277
"35-B2",0.544077134986226
"36-B3",0.920529801324503
"37-B1",0.953322040278562
"38-B2",0.981977818853974
"39-B3",0.932552894425948
"40-B1",0.784516765285996
"41-B2",0.972432432432432
"42-B3",0.582900943396226
"44-B2",0.264234959734723
"45-B3",0.722051096213082
"46-B1",0.398763523956723
"47-B2",0.152027027027027
"48-B3",0.859355552482368
"49-B1",0.98163082437276
"50-B2",0.664041033156256
"52-B1",0.73385518590998
"53-B2",0.649156441717791
"54-B3",0.129095354523227
